* using log directory ‘/Users/rahad/Library/CloudStorage/Dropbox/Coding/Package Development/SciDataReportR/SciDataReportR.Rcheck’
* using R version 4.5.3 (2026-03-11)
* using platform: aarch64-apple-darwin20
* R was compiled by
    Apple clang version 16.0.0 (clang-1600.0.26.6)
    GNU Fortran (GCC) 14.2.0
* running under: macOS Tahoe 26.5.1
* using session charset: UTF-8
* using option ‘--no-manual’
* checking for file ‘SciDataReportR/DESCRIPTION’ ... OK
* this is package ‘SciDataReportR’ version ‘20.24.0’
* package encoding: UTF-8
* checking package namespace information ... OK
* checking package dependencies ... OK
* checking if this is a source package ... OK
* checking if there is a namespace ... OK
* checking for executable files ... OK
* checking for hidden files and directories ... OK
* checking for portable file names ... OK
* checking for sufficient/correct file permissions ... OK
* checking whether package ‘SciDataReportR’ can be installed ... OK
* checking installed package size ... OK
* checking package directory ... OK
* checking DESCRIPTION meta-information ... OK
* checking top-level files ... OK
* checking for left-over files ... OK
* checking index information ... OK
* checking package subdirectories ... OK
* checking code files for non-ASCII characters ... OK
* checking R files for syntax errors ... OK
* checking whether the package can be loaded ... OK
* checking whether the package can be loaded with stated dependencies ... OK
* checking whether the package can be unloaded cleanly ... OK
* checking whether the namespace can be loaded with stated dependencies ... OK
* checking whether the namespace can be unloaded cleanly ... OK
* checking dependencies in R code ... OK
* checking S3 generic/method consistency ... OK
* checking replacement functions ... OK
* checking foreign function calls ... OK
* checking R code for possible problems ... OK
* checking Rd files ... OK
* checking Rd metadata ... OK
* checking Rd cross-references ... OK
* checking for missing documentation entries ... OK
* checking for code/documentation mismatches ... OK
* checking Rd \usage sections ... OK
* checking Rd contents ... OK
* checking for unstated dependencies in examples ... OK
* checking contents of ‘data’ directory ... WARNING
Output for data("SampleData", package = "SciDataReportR"):
  No dataset created in 'envir'
  Warning message:
  In utils::data(list = fileName, package = pkgname, envir = dataEnv) :
    data set ‘SampleData’ not found
Output for data("SampleVariableTypes", package = "SciDataReportR"):
  No dataset created in 'envir'
  Warning message:
  In utils::data(list = fileName, package = pkgname, envir = dataEnv) :
    data set ‘SampleVariableTypes’ not found
Output for data("SimulatedPhenotypeData", package = "SciDataReportR"):
  No dataset created in 'envir'
  Warning message:
  In utils::data(list = fileName, package = pkgname, envir = dataEnv) :
    data set ‘SimulatedPhenotypeData’ not found
Output for data("SimulatedPhenotypeVariableTypes", package = "SciDataReportR"):
  No dataset created in 'envir'
  Warning message:
  In utils::data(list = fileName, package = pkgname, envir = dataEnv) :
    data set ‘SimulatedPhenotypeVariableTypes’ not found
* checking data for non-ASCII characters ... OK
* checking LazyData ... OK
* checking data for ASCII and uncompressed saves ... OK
* checking files in ‘vignettes’ ... WARNING
Files in the 'vignettes' directory but no files in 'inst/doc':
  ‘argument-renaming.R’ ‘argument-renaming.Rmd’ ‘clustering.scss’
  ‘ClusteringPhenotyping.knit.md’ ‘ClusteringPhenotyping.qmd’
  ‘ClusteringPhenotyping.R’ ‘fdr-correction.R’ ‘fdr-correction.Rmd’
  ‘getting-started.qmd’ ‘getting-started.R’ ‘MakeComparisonTable.qmd’
  ‘MakeComparisonTable.R’ ‘MakeUnivariateRegressionTable.qmd’
  ‘MakeUnivariateRegressionTable.R’ ‘merge-qc-workflow.R’
  ‘merge-qc-workflow.Rmd’ ‘OrdinalVariables.qmd’ ‘OrdinalVariables.R’
  ‘PlotCorrelationsHeatmap.qmd’ ‘PlotCorrelationsHeatmap.R’
  ‘PlotForestFromTable.qmd’ ‘PlotForestFromTable.R’
  ‘PlotMiningMatrix.qmd’ ‘PlotMiningMatrix.R’ ‘PValueColorScales.R’
  ‘PValueColorScales.Rmd’ ‘UnivariateRegressions.qmd’
  ‘UnivariateRegressions.R’
* checking examples ... ERROR
Running examples in ‘SciDataReportR-Ex.R’ failed
