* using log directory ‘/Users/rahad/Library/CloudStorage/Dropbox/Coding/Package Development/SciDataReportR/SciDataReportR.Rcheck’
* using R version 4.5.3 (2026-03-11)
* using platform: aarch64-apple-darwin20
* R was compiled by
    Apple clang version 16.0.0 (clang-1600.0.26.6)
    GNU Fortran (GCC) 14.2.0
* running under: macOS Tahoe 26.5.1
* using session charset: UTF-8
* using options ‘--no-manual --as-cran’
* checking for file ‘SciDataReportR/DESCRIPTION’ ... OK
* this is package ‘SciDataReportR’ version ‘20.6.0’
* package encoding: UTF-8
* checking CRAN incoming feasibility ... [3s/18s] NOTE
Maintainer: ‘Raha Dastgheyb <raha@jhmi.edu>’

New submission

Package has a VignetteBuilder field but no prebuilt vignette index.
* checking package namespace information ... OK
* checking package dependencies ... INFO
Imports includes 23 non-default packages.
Importing from so many packages makes the package vulnerable to any of
them becoming unavailable.  Move as many as possible to Suggests and
use conditionally.
* checking if this is a source package ... OK
* checking if there is a namespace ... OK
* checking for executable files ... OK
* checking for hidden files and directories ... OK
* checking for portable file names ... OK
* checking for sufficient/correct file permissions ... OK
* checking whether package ‘SciDataReportR’ can be installed ... [12s/13s] OK
* checking installed package size ... OK
* checking package directory ... OK
* checking for future file timestamps ... OK
* checking DESCRIPTION meta-information ... OK
* checking top-level files ... NOTE
Files ‘README.md’ or ‘NEWS.md’ cannot be checked without ‘pandoc’ being installed.
* checking for left-over files ... OK
* checking index information ... OK
* checking package subdirectories ... OK
* checking code files for non-ASCII characters ... WARNING
Found the following file with non-ASCII characters:
  R/ExploreMergeValidation.R
Portable packages must use only ASCII characters in their R code and
NAMESPACE directives, except perhaps in comments.
Use \uxxxx escapes for other characters.
Function ‘tools::showNonASCIIfile’ can help in finding non-ASCII
characters in files.
* checking R files for syntax errors ... OK
* checking whether the package can be loaded ... OK
* checking whether the package can be loaded with stated dependencies ... OK
* checking whether the package can be unloaded cleanly ... OK
* checking whether the namespace can be loaded with stated dependencies ... OK
* checking whether the namespace can be unloaded cleanly ... OK
* checking use of S3 registration ... OK
* checking dependencies in R code ... WARNING
'::' or ':::' imports not declared from:
  ‘arrow’ ‘janitor’ ‘jsonlite’ ‘openxlsx’ ‘readxl’
'loadNamespace' or 'requireNamespace' call not declared from: ‘arrow’
* checking S3 generic/method consistency ... OK
* checking replacement functions ... OK
* checking foreign function calls ... OK
* checking R code for possible problems ... [26s/26s] NOTE
.PrepareTransitionData: no visible binding for global variable
  ‘.plot_id’
.PrepareTransitionData: no visible binding for global variable
  ‘.plot_status_raw’
.PrepareTransitionData: no visible binding for global variable
  ‘.plot_date’
.PrepareTransitionData: no visible binding for global variable
  ‘.plot_time’
.PrepareTransitionData: no visible binding for global variable
  ‘.input_row_order’
.PrepareTransitionData: no visible binding for global variable
  ‘.baseline_date’
.PrepareTransitionData: no visible binding for global variable
  ‘.time_from_baseline_days’
.PrepareTransitionData: no visible binding for global variable
  ‘.plot_status’
.PrepareTransitionData: no visible binding for global variable
  ‘n_visits’
.PrepareTransitionData: no visible binding for global variable
  ‘n_positive’
.PrepareTransitionData: no visible binding for global variable
  ‘.transition’
.PrepareTransitionData: no visible binding for global variable
  ‘developed_condition’
.PrepareTransitionData: no visible binding for global variable
  ‘first_developed_time’
.PrepareTransitionData: no visible binding for global variable
  ‘resolved_condition’
.PrepareTransitionData: no visible binding for global variable
  ‘first_resolved_time’
.PrepareTransitionData: no visible binding for global variable
  ‘.order_group’
.PrepareTransitionData: no visible binding for global variable
  ‘.order_value’
.PrepareTransitionData: no visible binding for global variable
  ‘input_order’
.PrepareTransitionData: no visible binding for global variable
  ‘.plot_id_factor’
.PrepareTransitionData: no visible binding for global variable ‘n_rows’
.PrepareTransitionData: no visible binding for global variable
  ‘pct_positive’
.PrepareTransitionData: no visible binding for global variable
  ‘ever_positive’
.PrepareTransitionData: no visible binding for global variable
  ‘first_positive_time’
.PrepareTransitionData: no visible binding for global variable
  ‘first_positive_date’
.PrepareTransitionData: no visible binding for global variable
  ‘first_transition_time’
.PrepareTransitionData: no visible binding for global variable
  ‘first_transition_date’
.PrepareTransitionData: no visible binding for global variable
  ‘baseline_date’
.PrepareTransitionData: no visible binding for global variable
  ‘.status_label’
.PrepareTransitionData: no visible binding for global variable
  ‘.time_from_baseline_months’
.PrepareTransitionData: no visible binding for global variable
  ‘.time_from_baseline_years’
ApplyNormativeTScores: no visible global function definition for ‘:=’
CodebookMergeApp : <anonymous>: no visible global function definition
  for ‘:=’
CodebookMergeApp: no visible binding for global variable ‘Source’
CodebookMergeApp: no visible binding for global variable ‘Present’
CodebookMergeApp : <anonymous>: no visible binding for global variable
  ‘Type’
CodebookMergeApp: no visible binding for global variable ‘Value’
CodebookMergeApp: no visible binding for global variable ‘Column’
CodebookMergeApp: no visible binding for global variable ‘n_unique’
CodebookMergeApp: no visible binding for global variable
  ‘SourceCodebook’
CodebookMergeApp : server: no visible binding for global variable
  ‘Column’
CodebookMergeApp : server: no visible binding for global variable
  ‘SourceCodebook’
CodebookMergeApp : server: no visible binding for global variable
  ‘Value’
CodebookMergeApp : server : <anonymous>: no visible binding for global
  variable ‘tags’
CodebookMergeApp : server: no visible binding for global variable
  ‘Variable’
CodebookMergeApp : server: no visible binding for global variable
  ‘OriginalOrder’
CombineCodebooks: no visible binding for global variable ‘RowID’
CombineCodebooks: no visible binding for global variable ‘Field’
CombineCodebooks: no visible binding for global variable ‘OldValue’
CombineCodebooks: no visible binding for global variable ‘NewValue’
CombineCodebooks: no visible binding for global variable ‘Version’
CompareDatasets: no visible binding for global variable ‘OldType’
CompareDatasets: no visible binding for global variable ‘NewType’
CompareDatasets: no visible binding for global variable ‘.n’
CompareDatasets: no visible binding for global variable ‘Variable’
CompareDatasets: no visible binding for global variable ‘NewVariable’
CompareDatasets: no visible binding for global variable ‘OldVariable’
CompareDatasets: no visible binding for global variable ‘NewVariables’
CompareDatasets: no visible binding for global variable ‘Change’
CompareDatasets: no visible binding for global variable
  ‘SourceVariables’
CompareDatasets: no visible binding for global variable ‘OldVariables’
CompareDatasets : <anonymous>: no visible binding for global variable
  ‘Variable’
CompareDatasets : <anonymous>: no visible binding for global variable
  ‘OldVariable’
CompareDatasets : <anonymous>: no visible binding for global variable
  ‘NewVariable’
CompareDatasets: no visible binding for global variable ‘NameChanged’
CompareDatasets: no visible binding for global variable
  ‘AmbiguousForComparison’
CompareDatasets: no visible binding for global variable ‘OldClass’
CompareDatasets: no visible binding for global variable ‘NewClass’
CompareDatasets: no visible binding for global variable ‘ClassChanged’
CompareDatasets: no visible binding for global variable ‘Compared’
CompareDatasets: no visible binding for global variable ‘SkipReason’
CompareDatasets: no visible binding for global variable
  ‘ComparedRecords’
CompareDatasets: no visible binding for global variable ‘Changes’
CompareDatasets: no visible binding for global variable
  ‘PercentChanged’
CompareDatasets: no visible binding for global variable ‘Reason’
CompareDatasets: no visible binding for global variable ‘Key’
CompareDatasets: no visible binding for global variable ‘Text’
CreateMCAObject: no visible binding for global variable ‘Dimension’
CreateMCAObject: no visible binding for global variable ‘cumulative
  percentage of variance’
CreateMCAObject: no visible binding for global variable ‘percentage of
  variance’
CreateMCAObject: no visible binding for global variable ‘rowname’
CreateMCAObject: no visible binding for global variable ‘Contribution’
CreateMCAObject: no visible binding for global variable
  ‘TopContributor’
CreateNormativeTScoreModel: no visible binding for global variable
  ‘NormRaw’
CreateNormativeTScoreModel: no visible binding for global variable
  ‘NormScaled’
CreateNormativeTScoreModel: no visible binding for global variable ‘.’
CreateNormativeTScoreModel: no visible binding for global variable
  ‘NormPredicted’
CreateNormativeTScoreModel: no visible binding for global variable
  ‘NormZ’
CreateNormativeTScoreModel: no visible binding for global variable
  ‘NormT’
CreateNormativeTScoreModel : <anonymous>: no visible binding for global
  variable ‘NormT’
CreatePCAObject: no visible binding for global variable ‘Variance’
CreatePCAObject: no visible binding for global variable ‘Variable’
CreatePCAObject: no visible binding for global variable ‘Component’
CreatePCAObject: no visible binding for global variable ‘Cumulative
  Var’
CreatePCAObject: no visible binding for global variable ‘Cumulative
  Proportion’
CreatePCAObject: no visible binding for global variable ‘Proportion
  Var’
CreatePCAObject: no visible binding for global variable ‘PlotLabel’
CreatePCAObject: no visible binding for global variable ‘value’
CreatePCAObject: no visible binding for global variable
  ‘TopContributor’
CreatePCAObject: no visible binding for global variable ‘color’
CreatePCAObject: no visible binding for global variable ‘name’
CreateRCIObject: no visible binding for global variable ‘Variable’
CreateRCIObject: no visible binding for global variable ‘Visit’
CreateRCIObject: no visible binding for global variable ‘ID_Internal’
CreateRCIObject: no visible binding for global variable ‘Value’
CreateRCIObject: no visible binding for global variable ‘Baseline’
CreateRCIObject: no visible binding for global variable ‘Followup’
CreateRCIObject: no visible binding for global variable ‘Label’
CreateRCIObject: no visible binding for global variable ‘Predicted’
CreateRCIObject: no visible binding for global variable ‘Residual’
CreateRCIObject: no visible binding for global variable ‘RCI’
CreateRCIObject: no visible binding for global variable
  ‘Classification’
CreateRCIObject: no visible binding for global variable ‘VisitClean’
CreateRCIObject: no visible binding for global variable ‘RCI_Name’
CreateRCIObject: no visible binding for global variable ‘Class_Name’
CreateRCIObject: no visible global function definition for ‘:=’
CreateRCIObject: no visible binding for global variable ‘xend’
CreateRCIObject: no visible binding for global variable ‘yend’
CreateRCIObject: no visible binding for global variable ‘SegmentClass’
CreateRCIObject: no visible global function definition for ‘reorder’
CreateRCIObject: no visible binding for global variable ‘PlotOrder’
CreateSOMClusterModel: no visible binding for global variable
  ‘Variable’
CreateSOMClusterModel: no visible binding for global variable ‘Var1’
CreateSOMClusterModel: no visible binding for global variable ‘Freq’
CreateSOMClusterModel: no visible binding for global variable ‘status’
CreateSOMClusterModel: no visible binding for global variable
  ‘n_warnings’
CreateSOMClusterModel: no visible binding for global variable ‘Model’
CreateSOMClusterModel: no visible binding for global variable ‘Classes’
CreateSOMClusterModel: no visible binding for global variable ‘AIC’
CreateSOMClusterModel: no visible binding for global variable ‘BIC’
CreateSOMClusterModel: no visible binding for global variable ‘Entropy’
CreateSOMClusterModel: no visible binding for global variable
  ‘AIC_scaled’
CreateSOMClusterModel: no visible binding for global variable
  ‘BIC_scaled’
CreateSOMClusterModel: no visible binding for global variable
  ‘Entropy_scaled’
CreateSOMClusterModel: no visible binding for global variable ‘value’
CreateSOMClusterModel: no visible binding for global variable ‘Class’
CreateSOMClusterModel: no visible binding for global variable ‘Cluster’
CreateSOMClusterModel: no visible binding for global variable
  ‘max_prob’
CreateSOMClusterModel: no visible binding for global variable ‘NodeID’
CreateSOMClusterModel: no visible binding for global variable
  ‘SOM_Distance’
CreateSOMClusterModel: no visible binding for global variable
  ‘prob_assigned’
CreateStatisticsTable: no visible binding for global variable ‘p_value’
CreateSummaryTable: no visible binding for global variable ‘label’
CreateSummaryTable: no visible binding for global variable ‘Skewness’
CreateSummaryTable: no visible binding for global variable ‘Kurtosis’
CreateSummaryTable: no visible binding for global variable ‘IQR’
CreateSummaryTable: no visible binding for global variable ‘Std.Dev’
CreateSummaryTable: no visible binding for global variable ‘Pct.Valid’
ExploreDatasetComparison: no visible binding for global variable
  ‘Variable’
ExploreDatasetComparison: no visible binding for global variable
  ‘NewVariables’
ExploreDatasetComparison: no visible binding for global variable ‘Text’
ExploreDatasetComparison: no visible binding for global variable
  ‘OldVariables’
ExploreDatasetComparison: no visible binding for global variable
  ‘OldVariableCount’
ExploreDatasetComparison: no visible binding for global variable
  ‘NewVariableCount’
ExploreDatasetComparison: no visible binding for global variable
  ‘Compared’
ExploreDatasetComparison: no visible binding for global variable
  ‘SkipReason’
ExploreDatasetComparison: no visible binding for global variable
  ‘ClassChanged’
ExploreDatasetComparison: no visible binding for global variable
  ‘OldClass’
ExploreDatasetComparison: no visible binding for global variable
  ‘NewClass’
ExploreDatasetComparison: no visible binding for global variable
  ‘Changes’
ExploreDatasetComparison: no visible binding for global variable
  ‘PercentChanged’
ExploreDatasetComparison: no visible binding for global variable
  ‘Reason’
ExploreDatasetComparison: no visible binding for global variable
  ‘OldType’
ExploreDatasetComparison: no visible binding for global variable
  ‘NewType’
ExploreDatasetComparison: no visible binding for global variable ‘Key’
ExploreDatasetComparison: no visible binding for global variable
  ‘Status’
ExploreDatasetComparison: no visible binding for global variable
  ‘DisplayCheck’
ExploreDatasetComparison: no visible binding for global variable
  ‘Count’
ExploreDatasetComparison: no visible binding for global variable
  ‘Details’
ExploreDatasetComparison: no visible binding for global variable
  ‘Examples’
ExploreDatasetComparison : <anonymous>: no visible binding for global
  variable ‘Variable’
ExploreDatasetComparison : <anonymous>: no visible binding for global
  variable ‘OldValue’
ExploreDatasetComparison : <anonymous>: no visible binding for global
  variable ‘NewValue’
ExploreDatasetComparison : <anonymous>: no visible binding for global
  variable ‘OldValueEscaped’
ExploreDatasetComparison : <anonymous>: no visible binding for global
  variable ‘NewValueEscaped’
ExploreDatasetComparison : <anonymous>: no visible binding for global
  variable ‘ChangeType’
ExploreDatasetComparison : <anonymous>: no visible binding for global
  variable ‘Change’
ExploreDatasetComparison : <anonymous>: no visible binding for global
  variable ‘OldClass’
ExploreDatasetComparison : <anonymous>: no visible binding for global
  variable ‘NewClass’
ExploreMergeValidation: no visible binding for global variable
  ‘Variable’
ExploreMergeValidation: no visible binding for global variable
  ‘XVariable’
ExploreMergeValidation: no visible binding for global variable
  ‘YVariable’
ExploreMergeValidation: no visible binding for global variable ‘Text’
ExploreMergeValidation: no visible binding for global variable
  ‘Conflicts’
ExploreMergeValidation: no visible binding for global variable
  ‘Agreement’
ExploreMergeValidation: no visible binding for global variable
  ‘LeftClass’
ExploreMergeValidation: no visible binding for global variable
  ‘RightClass’
ExploreMergeValidation: no visible binding for global variable
  ‘LeftType’
ExploreMergeValidation: no visible binding for global variable
  ‘RightType’
ExploreMergeValidation: no visible binding for global variable
  ‘MergedType’
ExploreMergeValidation: no visible binding for global variable ‘Key’
ExploreMergeValidation: no visible binding for global variable ‘Status’
ExploreMergeValidation: no visible binding for global variable
  ‘DisplayCheck’
ExploreMergeValidation: no visible binding for global variable ‘Count’
ExploreMergeValidation: no visible binding for global variable
  ‘Details’
ExploreMergeValidation: no visible binding for global variable
  ‘Examples’
ExploreMergeValidation: no visible binding for global variable
  ‘CoverageStatus’
ExploreMergeValidation : <anonymous>: no visible binding for global
  variable ‘Variable’
ExploreMergeValidation : <anonymous>: no visible binding for global
  variable ‘LeftValue’
ExploreMergeValidation : <anonymous>: no visible binding for global
  variable ‘RightValue’
ExploreMergeValidation : <anonymous>: no visible binding for global
  variable ‘LeftValueEscaped’
ExploreMergeValidation : <anonymous>: no visible binding for global
  variable ‘RightValueEscaped’
ExploreMergeValidation : <anonymous>: no visible binding for global
  variable ‘ConflictType’
ExploreMergeValidation : <anonymous>: no visible binding for global
  variable ‘Conflict’
ExtractPCAComponentSummary: no visible binding for global variable
  ‘Loading’
ExtractPCAComponentSummary: no visible binding for global variable
  ‘AbsLoading’
ExtractPCAComponentSummary: no visible binding for global variable
  ‘Labels’
ExtractPCAComponentSummary: no visible binding for global variable
  ‘Variable’
ExtractPCAComponentSummary: no visible binding for global variable
  ‘Component’
ExtractPCAComponentSummary: no visible binding for global variable
  ‘Rank’
ExtractPCAComponentSummary: no visible binding for global variable
  ‘ContributorText’
FormattedDataDictionary: no visible binding for global variable ‘Type’
FormattedDataDictionary: no visible binding for global variable
  ‘Ordered Factor’
HarmonizeMergeKeys : failed_numeric_values: no visible global function
  definition for ‘head’
IQROutliers: no visible binding for global variable ‘.iqr_outlier’
MakeComparisonTable: no visible global function definition for ‘:=’
MakeDataDictionary: no visible binding for global variable
  ‘skim_variable’
MakeDataDictionary: no visible binding for global variable
  ‘factor.n_unique’
MakeDataDictionary: no visible binding for global variable
  ‘character.n_unique’
MakeDataDictionary: no visible binding for global variable ‘skim_type’
MakeDataDictionary: no visible binding for global variable
  ‘factor.ordered’
MakeDataDictionary: no visible binding for global variable
  ‘factor.top_counts’
MakeDataDictionary: no visible binding for global variable
  ‘numeric.mean’
MakeDataDictionary: no visible binding for global variable
  ‘numeric.median’
MakeDataDictionary: no visible binding for global variable ‘numeric.sd’
MakeDataDictionary: no visible binding for global variable
  ‘numeric.min’
MakeDataDictionary: no visible binding for global variable
  ‘numeric.max’
MakeDataDictionary: no visible binding for global variable
  ‘numeric.hist’
MakeUnivariateRegressionTable: no visible global function definition
  for ‘setNames’
MakeUnivariateRegressionTable: no visible binding for global variable
  ‘variable’
MergeCodebooks : <anonymous>: no visible global function definition for
  ‘:=’
MergeCodebooks: no visible binding for global variable ‘Value’
MergeCodebooks: no visible binding for global variable ‘Column’
MergeCodebooks: no visible binding for global variable ‘n_unique’
MergeCodebooks: no visible global function definition for ‘:=’
MergeCodebooks: no visible binding for global variable ‘Variable’
MergeCodebooks: no visible binding for global variable ‘OriginalOrder’
MergeCodebooks: no visible binding for global variable ‘MinOrder’
MergeFragmentedRecords: no visible global function definition for ‘:=’
Merge_ByClosestTime: no visible binding for global variable
  ‘FunctionTime2’
Merge_ByClosestTime: no visible binding for global variable
  ‘FunctionTime1’
Merge_ByClosestTime: no visible binding for global variable
  ‘DataFrame1Row’
Merge_ByClosestTime: no visible binding for global variable ‘TimeDiff’
Plot2GroupStats: no visible binding for global variable ‘Category’
Plot2GroupStats: no visible binding for global variable ‘SigQ’
Plot2GroupStats: no visible binding for global variable ‘xvar’
Plot2GroupStats: no visible binding for global variable ‘variable’
Plot2GroupStats: no visible binding for global variable ‘SigP’
PlotAnovaRelationshipsMatrix : empty_return: no visible binding for
  global variable ‘x’
PlotAnovaRelationshipsMatrix : empty_return: no visible binding for
  global variable ‘y’
PlotAnovaRelationshipsMatrix: no visible binding for global variable
  ‘.rowID’
PlotAnovaRelationshipsMatrix: no visible binding for global variable
  ‘CategoricalValue’
PlotAnovaRelationshipsMatrix: no visible binding for global variable
  ‘ContinuousVariable’
PlotAnovaRelationshipsMatrix: no visible binding for global variable
  ‘ContinuousValue’
PlotAnovaRelationshipsMatrix: no visible binding for global variable
  ‘CategoricalVariable’
PlotAnovaRelationshipsMatrix: no visible binding for global variable
  ‘p.value’
PlotAnovaRelationshipsMatrix: no visible binding for global variable
  ‘Effect’
PlotAnovaRelationshipsMatrix: no visible binding for global variable
  ‘YLabel’
PlotAnovaRelationshipsMatrix: no visible binding for global variable
  ‘XLabel’
PlotAnovaRelationshipsMatrix: no visible binding for global variable
  ‘p<.05’
PlotAnovaRelationshipsMatrix: no visible binding for global variable
  ‘PlotText’
PlotAnovaRelationshipsMatrix: no visible binding for global variable
  ‘p.adj.signif’
PlotBlandAltman: no visible binding for global variable ‘Average’
PlotBlandAltman: no visible binding for global variable ‘Diffs’
PlotCatInteractionEffectsMatrix: no visible global function definition
  for ‘tail’
PlotCatInteractionEffectsMatrix: no visible binding for global variable
  ‘X’
PlotCatInteractionEffectsMatrix: no visible binding for global variable
  ‘Y’
PlotCatInteractionEffectsMatrix: no visible binding for global variable
  ‘sig’
PlotCatInteractionEffectsMatrix: no visible binding for global variable
  ‘sig_FDR’
PlotCatInteractionEffectsMatrix: no visible binding for global variable
  ‘P_FDR’
PlotCategoricalDistributions : <anonymous>: no visible binding for
  global variable ‘Level’
PlotCategoricalDistributions : <anonymous>: no visible binding for
  global variable ‘VariableRaw’
PlotCategoricalDistributions: no visible binding for global variable
  ‘Level’
PlotCategoricalDistributions: no visible binding for global variable
  ‘VariableRaw’
PlotCategoricalDistributions: no visible binding for global variable
  ‘IsMissing’
PlotCategoricalDistributions: no visible binding for global variable
  ‘prop’
PlotCategoricalDistributions: no visible binding for global variable
  ‘Variable’
PlotCategoricalDistributions: no visible binding for global variable
  ‘stack_id’
PlotCategoricalDistributions: no visible binding for global variable
  ‘FillKey’
PlotCategoricalDistributions: no visible binding for global variable
  ‘Value’
PlotCategoricalDistributions: no visible binding for global variable
  ‘Tooltip’
PlotCategoricalDistributions: no visible binding for global variable
  ‘Label’
PlotChiSqCovar : empty_return: no visible binding for global variable
  ‘x’
PlotChiSqCovar : empty_return: no visible binding for global variable
  ‘y’
PlotChiSqCovar: no visible binding for global variable ‘.rowID’
PlotChiSqCovar: no visible binding for global variable ‘XVar’
PlotChiSqCovar: no visible binding for global variable ‘XVal’
PlotChiSqCovar: no visible binding for global variable ‘YVar’
PlotChiSqCovar: no visible binding for global variable ‘YVal’
PlotChiSqCovar: no visible binding for global variable ‘test’
PlotChiSqCovar: no visible binding for global variable ‘pval’
PlotChiSqCovar: no visible binding for global variable ‘pval.adj’
PlotChiSqCovar: no visible binding for global variable ‘pval.signif’
PlotChiSqCovar: no visible binding for global variable
  ‘pval.adj.signif’
PlotChiSqCovar: no visible binding for global variable ‘YLabel’
PlotChiSqCovar: no visible binding for global variable ‘XLabel’
PlotChiSqCovar: no visible binding for global variable ‘p<.05’
PlotChiSqCovar: no visible binding for global variable ‘logp’
PlotChiSqCovar: no visible binding for global variable ‘cramers_v’
PlotChiSqCovar: no visible binding for global variable ‘logp_FDR’
PlotClusterBoxplot: no visible binding for global variable
  ‘.ClusterPlot’
PlotContinuousDistributions: no visible binding for global variable
  ‘name’
PlotContinuousDistributions: no visible binding for global variable
  ‘value’
PlotCorrelationsHeatmap : BuildPlot: no visible binding for global
  variable ‘YLabel’
PlotCorrelationsHeatmap : BuildPlot: no visible binding for global
  variable ‘XLabel’
PlotCorrelationsHeatmap : BuildPlot: no visible binding for global
  variable ‘R’
PlotDatasetComparison: no visible binding for global variable ‘OldType’
PlotDatasetComparison: no visible binding for global variable ‘NewType’
PlotDatasetComparison: no visible binding for global variable ‘Key’
PlotDatasetComparison: no visible binding for global variable ‘Text’
PlotDatasetComparison: no visible binding for global variable ‘.’
PlotDatasetComparison: no visible binding for global variable
  ‘Variable’
PlotDatasetComparison: no visible binding for global variable
  ‘OldVariableCount’
PlotDatasetComparison: no visible binding for global variable
  ‘NewVariableCount’
PlotDatasetComparison: no visible binding for global variable
  ‘Compared’
PlotDatasetComparison: no visible binding for global variable
  ‘SkipReason’
PlotDatasetComparison: no visible binding for global variable
  ‘ClassChanged’
PlotDatasetComparison: no visible binding for global variable
  ‘OldClass’
PlotDatasetComparison: no visible binding for global variable
  ‘NewClass’
PlotDatasetComparison: no visible binding for global variable ‘Changes’
PlotDatasetComparison: no visible binding for global variable
  ‘PercentChanged’
PlotDatasetComparison: no visible binding for global variable ‘Reason’
PlotDatasetComparison: no visible binding for global variable ‘Status’
PlotDatasetComparison: no visible binding for global variable
  ‘DisplayCheck’
PlotDatasetComparison: no visible binding for global variable ‘Check’
PlotDatasetComparison: no visible binding for global variable ‘Count’
PlotDatasetComparison: no visible binding for global variable ‘Details’
PlotDatasetComparison: no visible binding for global variable
  ‘IssuePreview’
PlotDatasetComparison: no visible binding for global variable
  ‘NewVariables’
PlotDatasetComparison: no visible binding for global variable
  ‘OldVariables’
PlotDatasetComparison: no visible binding for global variable ‘Metric’
PlotDatasetComparison: no visible binding for global variable ‘Value’
PlotDatasetComparison: no visible binding for global variable ‘Group’
PlotDatasetComparison: no visible binding for global variable
  ‘Examples’
PlotDatasetComparison: no visible binding for global variable
  ‘Category’
PlotDatasetComparison: no visible binding for global variable ‘Preview’
PlotDatasetComparison: no visible binding for global variable
  ‘ComparedRecords’
PlotDatasetComparison: no visible binding for global variable
  ‘OldVariable’
PlotDatasetComparison: no visible binding for global variable
  ‘NewVariable’
PlotDatasetComparison: no visible binding for global variable
  ‘HoverText’
PlotDatasetComparison: no visible binding for global variable ‘x’
PlotDatasetComparison: no visible binding for global variable ‘y’
PlotDatasetComparison: no visible binding for global variable ‘Label’
PlotDirectionalHeatmaps: no visible binding for global variable ‘R’
PlotDirectionalHeatmaps: no visible binding for global variable ‘Phi’
PlotDirectionalHeatmaps: no visible binding for global variable ‘p<.05’
PlotDirectionalHeatmaps: no visible binding for global variable
  ‘p.adj.signif’
PlotDirectionalHeatmaps: no visible binding for global variable
  ‘CategoricalVariable’
PlotDirectionalHeatmaps: no visible binding for global variable
  ‘ContinuousVariable’
PlotDirectionalHeatmaps: no visible binding for global variable ‘xVar’
PlotDirectionalHeatmaps: no visible binding for global variable ‘yVar’
PlotDirectionalHeatmaps: no visible binding for global variable
  ‘XLabel’
PlotDirectionalHeatmaps: no visible binding for global variable
  ‘YLabel’
PlotDirectionalHeatmaps: no visible binding for global variable ‘XL’
PlotDirectionalHeatmaps: no visible binding for global variable ‘YL’
PlotDirectionalHeatmaps: no visible binding for global variable ‘XVar’
PlotDirectionalHeatmaps: no visible binding for global variable ‘YVar’
PlotDirectionalHeatmaps: no visible binding for global variable ‘test’
PlotDirectionalHeatmaps: no visible binding for global variable
  ‘correlation’
PlotDirectionalHeatmaps: no visible binding for global variable ‘stars’
PlotDirectionalHeatmaps: no visible binding for global variable
  ‘stars_FDR’
PlotForestFromTable: no visible binding for global variable ‘Estimate’
PlotForestFromTable: no visible binding for global variable ‘PlotFacet’
PlotForestFromTable: no visible binding for global variable
  ‘ReferenceValue’
PlotForestFromTable: no visible binding for global variable ‘PlotRow’
PlotForestFromTable: no visible binding for global variable
  ‘Significant’
PlotForestFromTable: no visible binding for global variable ‘ConfLow’
PlotForestFromTable: no visible binding for global variable ‘ConfHigh’
PlotInteractionEffectsContinuous: no visible global function definition
  for ‘complete.cases’
PlotInteractionEffectsContinuous: no visible binding for global
  variable ‘mod_group’
PlotInteractionEffectsContinuous: no visible binding for global
  variable ‘moderator’
PlotInteractionEffectsContinuous: no visible binding for global
  variable ‘predictor’
PlotInteractionEffectsContinuous: no visible binding for global
  variable ‘outcome’
PlotInteractionEffectsMatrix: no visible binding for global variable
  ‘label’
PlotInteractionEffectsMatrix: no visible binding for global variable
  ‘PredictorLabel’
PlotInteractionEffectsMatrix: no visible binding for global variable
  ‘OutcomeLabel’
PlotInteractionEffectsMatrix: no visible binding for global variable
  ‘PlotText’
PlotInteractionEffectsMatrix: no visible binding for global variable
  ‘sig’
PlotInteractionEffectsMatrix: no visible binding for global variable
  ‘sign_FDR’
PlotInteractionEffectsMatrix: no visible binding for global variable
  ‘sig_FDR’
PlotInteractionEffectsMatrix: no visible binding for global variable
  ‘Outcome’
PlotInteractionEffectsMatrix: no visible binding for global variable
  ‘Predictor’
PlotInteractionEffectsMatrix: no visible binding for global variable
  ‘P’
PlotInteractionEffectsMatrix: no visible binding for global variable
  ‘P_FDR’
PlotMergeValidation: no visible binding for global variable ‘Status’
PlotMergeValidation: no visible binding for global variable ‘Check’
PlotMergeValidation: no visible binding for global variable ‘Count’
PlotMergeValidation: no visible binding for global variable ‘Details’
PlotMergeValidation: no visible binding for global variable ‘Category’
PlotMergeValidation: no visible binding for global variable ‘Percent’
PlotMergeValidation: no visible binding for global variable ‘JoinRole’
PlotMergeValidation: no visible binding for global variable ‘Variable’
PlotMergeValidation: no visible binding for global variable ‘IsKey’
PlotMergeValidation: no visible binding for global variable ‘Agreement’
PlotMergeValidation: no visible binding for global variable ‘Conflicts’
PlotMergeValidation: no visible binding for global variable
  ‘MissingnessConflicts’
PlotMergeValidation: no visible binding for global variable
  ‘BothMissing’
PlotMergeValidation: no visible binding for global variable ‘LeftClass’
PlotMergeValidation: no visible binding for global variable
  ‘RightClass’
PlotMergeValidation: no visible binding for global variable ‘HoverText’
PlotMergeValidation: no visible binding for global variable ‘Label’
PlotMergeValidation: no visible binding for global variable ‘x’
PlotMergeValidation: no visible binding for global variable ‘y’
PlotMiningMatrix: no visible binding for global variable ‘.’
PlotMiningMatrix: no visible binding for global variable ‘XVar’
PlotMiningMatrix: no visible binding for global variable ‘YVar’
PlotMiningMatrix: no visible binding for global variable ‘EffectSize’
PlotMiningMatrix: no visible binding for global variable ‘Test’
PlotMiningMatrix: no visible binding for global variable
  ‘ContinuousVariable’
PlotMiningMatrix: no visible binding for global variable
  ‘CategoricalVariable’
PlotMiningMatrix: no visible binding for global variable ‘VarA’
PlotMiningMatrix: no visible binding for global variable ‘VarB’
PlotMiningMatrix: no visible binding for global variable ‘XLabel’
PlotMiningMatrix: no visible binding for global variable ‘YLabel’
PlotMiningMatrix: no visible binding for global variable
  ‘EffectSizeAbs’
PlotMiningMatrix: no visible binding for global variable ‘size_val’
PlotMiningMatrix: no visible binding for global variable ‘stars’
PlotMissingData: no visible binding for global variable ‘row_num’
PlotMissingData: no visible global function definition for ‘hclust’
PlotMissingData: no visible global function definition for ‘dist’
PlotMissingData: no visible binding for global variable ‘variable’
PlotMissingData: no visible binding for global variable ‘is_missing’
PlotMissingData: no visible binding for global variable ‘hover_display’
PlotNumInteractionEffectsMatrix: no visible global function definition
  for ‘tail’
PlotNumInteractionEffectsMatrix: no visible binding for global variable
  ‘X’
PlotNumInteractionEffectsMatrix: no visible binding for global variable
  ‘Y’
PlotNumInteractionEffectsMatrix: no visible binding for global variable
  ‘sig’
PlotNumInteractionEffectsMatrix: no visible binding for global variable
  ‘sig_FDR’
PlotNumInteractionEffectsMatrix: no visible binding for global variable
  ‘P_FDR’
PlotPValueComparisons: no visible binding for global variable
  ‘GroupVariablex’
PlotPValueComparisons: no visible binding for global variable
  ‘Variable’
PlotPValueComparisons: no visible binding for global variable ‘logp’
PlotPValueComparisons: no visible binding for global variable ‘Sig’
PlotPValueComparisons: no visible binding for global variable
  ‘Category’
PlotPValueComparisons: no visible binding for global variable ‘p.adj’
PlotPartialRegressionScatter: no visible global function definition for
  ‘complete.cases’
PlotPartialRegressionScatter: no visible global function definition for
  ‘resid’
PlotPathway_KT: no visible binding for global variable ‘.’
PlotPathway_KT: no visible binding for global variable ‘color_value’
PlotPathway_KT: no visible global function definition for
  ‘complete.cases’
PlotPathway_KT: no visible binding for global variable ‘x’
PlotPathway_KT: no visible binding for global variable ‘y’
PlotPathway_KT: no visible binding for global variable ‘width’
PlotPathway_KT: no visible binding for global variable ‘height’
PlotPathway_KT: no visible binding for global variable ‘Metabolite’
PlotPhiHeatmap: no visible binding for global variable ‘Phi’
PlotPhiHeatmap: no visible binding for global variable ‘p<.05’
PlotPhiHeatmap: no visible binding for global variable ‘p.adj.signif’
PlotPointCorrelationsHeatmap: no visible binding for global variable
  ‘ContinuousVariable’
PlotPointCorrelationsHeatmap: no visible binding for global variable
  ‘CategoricalValue’
PlotPointCorrelationsHeatmap: no visible binding for global variable
  ‘CategoricalVariable’
PlotPointCorrelationsHeatmap: no visible binding for global variable
  ‘ContinuousValue’
PlotPointCorrelationsHeatmap: no visible binding for global variable
  ‘has_two_levels’
PlotPointCorrelationsHeatmap: no visible binding for global variable
  ‘var_ok’
PlotPointCorrelationsHeatmap: no visible binding for global variable
  ‘YLabel’
PlotPointCorrelationsHeatmap: no visible binding for global variable
  ‘XLabel’
PlotPointCorrelationsHeatmap: no visible binding for global variable
  ‘correlation’
PlotPointCorrelationsHeatmap: no visible binding for global variable
  ‘p<.05’
PlotPointCorrelationsHeatmap: no visible binding for global variable
  ‘p.adj.signif’
PlotSplitViolin: no visible binding for global variable ‘.Group’
PlotSplitViolin : safe_whisker: no visible global function definition
  for ‘boxplot.stats’
PlotSplitViolin: no visible binding for global variable ‘.x’
PlotSwimmerTransitions: no visible binding for global variable
  ‘.plot_time’
PlotSwimmerTransitions: no visible binding for global variable
  ‘.plot_id_factor’
PlotSwimmerTransitions: no visible binding for global variable
  ‘.plot_date’
PlotSwimmerTransitions: no visible binding for global variable
  ‘.time_from_baseline_days’
PlotSwimmerTransitions: no visible binding for global variable
  ‘.time_from_baseline_months’
PlotSwimmerTransitions: no visible binding for global variable
  ‘.time_from_baseline_years’
PlotSwimmerTransitions: no visible binding for global variable
  ‘.plot_id’
PlotSwimmerTransitions: no visible binding for global variable
  ‘.tooltip_label’
PlotSwimmerTransitions: no visible binding for global variable
  ‘.status_label’
PlotSwimmerTransitions: no visible binding for global variable
  ‘.transition’
PlotTimeDistribution: no visible binding for global variable ‘Year’
PlotTimeSwimmer: no visible binding for global variable ‘LastTime’
PlotTimeSwimmer: no visible binding for global variable ‘FirstTime’
PlotVolcanoEffects : <anonymous>: no visible binding for global
  variable ‘.’
PlotZScore: no visible binding for global variable ‘Group’
PlotZScore: no visible binding for global variable ‘variable’
PlotZScore: no visible binding for global variable ‘value’
PlotZScore: no visible binding for global variable ‘pval’
PlotZScore: no visible binding for global variable ‘FDRpval’
PlotZScore: no visible binding for global variable ‘Category’
PlotZScore: no visible binding for global variable ‘p’
PlotZScore: no visible binding for global variable ‘p.adj’
PlotZScore: no visible binding for global variable ‘Text’
PlotZScore: no visible binding for global variable ‘stderror’
PlotZScore: no visible binding for global variable ‘pvalline’
PlotZScore: no visible binding for global variable ‘FDRline’
ProjectRCI: no visible global function definition for ‘:=’
ProjectRCI: no visible binding for global variable ‘Variable’
ProjectRCI: no visible binding for global variable ‘Visit’
ProjectRCI: no visible binding for global variable ‘ID_Internal’
ProjectRCI: no visible binding for global variable ‘Value’
ProjectRCI: no visible binding for global variable ‘Baseline’
ProjectRCI: no visible binding for global variable ‘Followup’
ProjectRCI: no visible binding for global variable ‘Label’
ProjectRCI: no visible binding for global variable ‘Predicted’
ProjectRCI: no visible binding for global variable ‘Residual’
ProjectRCI: no visible binding for global variable ‘RCI’
ProjectRCI: no visible binding for global variable ‘Classification’
ProjectRCI: no visible binding for global variable ‘VisitClean’
ProjectRCI: no visible binding for global variable ‘RCI_Name’
ProjectRCI: no visible binding for global variable ‘Class_Name’
ProjectRCI: no visible binding for global variable ‘VariableTable’
ProjectRCI: no visible binding for global variable ‘xend’
ProjectRCI: no visible binding for global variable ‘yend’
ProjectRCI: no visible binding for global variable ‘SegmentClass’
ProjectRCI: no visible global function definition for ‘reorder’
ProjectRCI: no visible binding for global variable ‘PlotOrder’
ProjectSOMCluster: no visible binding for global variable ‘Variable’
ProjectSOMCluster: no visible binding for global variable
  ‘n_below_training_min’
ProjectSOMCluster: no visible binding for global variable
  ‘n_above_training_max’
ProjectSOMCluster: no visible binding for global variable
  ‘n_out_of_range’
ProjectSOMCluster: no visible binding for global variable
  ‘SOM_Distance’
ProjectSOMCluster: no visible binding for global variable ‘Cluster’
ProjectSOMCluster: no visible binding for global variable ‘p90’
ProjectSOMCluster: no visible binding for global variable ‘p95’
ProjectSOMCluster: no visible binding for global variable ‘p99’
ProjectSOMCluster: no visible binding for global variable
  ‘train_cluster_high_cutoff’
ProjectSOMCluster: no visible binding for global variable
  ‘Flag_SOMDist_overallHigh’
ProjectSOMCluster: no visible binding for global variable
  ‘Flag_SOMDist_clusterHigh’
ProjectSOMCluster: no visible binding for global variable
  ‘prop_overall_high’
ProjectSOMCluster: no visible binding for global variable
  ‘train_prop_overall_high’
ProjectSOMCluster: no visible binding for global variable ‘Var1’
ProjectSOMCluster: no visible binding for global variable ‘Freq’
ProjectSOMCluster: no visible binding for global variable ‘cohort’
ProjectSOMCluster: no visible binding for global variable ‘prop’
ProjectSOMCluster: no visible binding for global variable
  ‘prop_poor_or_high_dist’
ProjectSOMCluster: no visible binding for global variable ‘max_prob’
ProjectSOMCluster: no visible binding for global variable
  ‘prob_assigned’
ReplaceMissingCode: no visible binding for global variable
  ‘MissingCode’
ScidrForestPlotLegacyResults: no visible binding for global variable
  ‘estimate’
ScidrForestPlotLegacyResults: no visible binding for global variable
  ‘label’
ScidrForestPlotLegacyResults: no visible binding for global variable
  ‘HeaderLabel’
SummarizeTransitions: no visible binding for global variable
  ‘ever_positive’
SummarizeTransitions: no visible binding for global variable
  ‘developed_condition’
SummarizeTransitions: no visible binding for global variable
  ‘resolved_condition’
SummarizeTransitions: no visible binding for global variable
  ‘sustained_after_development’
SummarizeTransitions: no visible binding for global variable
  ‘sustained_after_resolution’
UpdateCodebook: no visible binding for global variable ‘Variable’
UpdateCodebook: no visible binding for global variable ‘Label_old’
UpdateCodebook: no visible binding for global variable ‘Label_new’
UpdateCodebook: no visible binding for global variable ‘Label’
ValidateMerge : duplicated_key_rows: no visible binding for global
  variable ‘.n’
ValidateMerge: no visible binding for global variable ‘LeftType’
ValidateMerge: no visible binding for global variable ‘RightType’
ValidateMerge: no visible binding for global variable ‘MergedType’
ValidateMerge: no visible binding for global variable ‘Variable’
ValidateMerge: no visible binding for global variable ‘XVar’
ValidateMerge: no visible binding for global variable ‘YVar’
ValidateMerge: no visible binding for global variable ‘Conflicts’
ValidateMerge: no visible binding for global variable ‘Agreement’
ValidateMerge: no visible binding for global variable ‘LeftClass’
ValidateMerge: no visible binding for global variable ‘RightClass’
ValidateMerge: no visible binding for global variable ‘Key’
ValidateMerge: no visible binding for global variable ‘Priority’
ValidateMerge: no visible binding for global variable ‘Action’
ValidateMerge: no visible binding for global variable ‘Text’
add_r_and_stars: no visible binding for global variable ‘label_r’
add_r_and_stars: no visible binding for global variable ‘label_star’
calculate_pathway_results: no visible binding for global variable
  ‘Mean’
calculate_pathway_results: no visible binding for global variable
  ‘p_value’
createBinaryMapping : choose_positive: no visible global function
  definition for ‘tail’
merge_summary_table: no visible binding for global variable ‘Status’
Undefined global functions or variables:
  . .ClusterPlot .Group .baseline_date .input_row_order .iqr_outlier .n
  .order_group .order_value .plot_date .plot_id .plot_id_factor
  .plot_status .plot_status_raw .plot_time .rowID .status_label
  .time_from_baseline_days .time_from_baseline_months
  .time_from_baseline_years .tooltip_label .transition .x := AIC
  AIC_scaled AbsLoading Action Agreement AmbiguousForComparison Average
  BIC BIC_scaled Baseline BothMissing CategoricalValue
  CategoricalVariable Category Change ChangeType Changes Check Class
  ClassChanged Class_Name Classes Classification Cluster Column
  Compared ComparedRecords Component ConfHigh ConfLow Conflict
  ConflictType Conflicts ContinuousValue ContinuousVariable
  Contribution ContributorText Count CoverageStatus Cumulative
  Proportion Cumulative Var DataFrame1Row Details Diffs Dimension
  DisplayCheck Effect EffectSize EffectSizeAbs Entropy Entropy_scaled
  Estimate Examples FDRline FDRpval Field FillKey FirstTime
  Flag_SOMDist_clusterHigh Flag_SOMDist_overallHigh Followup Freq
  FunctionTime1 FunctionTime2 Group GroupVariablex HeaderLabel
  HoverText ID_Internal IQR IsKey IsMissing IssuePreview JoinRole Key
  Kurtosis Label Label_new Label_old Labels LastTime LeftClass LeftType
  LeftValue LeftValueEscaped Level Loading Mean MergedType Metabolite
  Metric MinOrder MissingCode MissingnessConflicts Model NameChanged
  NewClass NewType NewValue NewValueEscaped NewVariable
  NewVariableCount NewVariables NodeID NormPredicted NormRaw NormScaled
  NormT NormZ OldClass OldType OldValue OldValueEscaped OldVariable
  OldVariableCount OldVariables Ordered Factor OriginalOrder Outcome
  OutcomeLabel P P_FDR Pct.Valid Percent PercentChanged Phi PlotFacet
  PlotLabel PlotOrder PlotRow PlotText Predicted Predictor
  PredictorLabel Present Preview Priority Proportion Var R RCI RCI_Name
  Rank Reason ReferenceValue Residual RightClass RightType RightValue
  RightValueEscaped RowID SOM_Distance SegmentClass Sig SigP SigQ
  Significant Skewness SkipReason Source SourceCodebook SourceVariables
  Status Std.Dev Test Text TimeDiff Tooltip TopContributor Type Value
  Var1 VarA VarB Variable VariableRaw VariableTable Variance Version
  Visit VisitClean X XL XLabel XVal XVar XVariable Y YL YLabel YVal
  YVar YVariable Year baseline_date boxplot.stats character.n_unique
  cohort color color_value complete.cases correlation cramers_v
  cumulative percentage of variance developed_condition dist estimate
  ever_positive factor.n_unique factor.ordered factor.top_counts
  first_developed_time first_positive_date first_positive_time
  first_resolved_time first_transition_date first_transition_time
  has_two_levels hclust head height hover_display input_order
  is_missing label label_r label_star logp logp_FDR max_prob mod_group
  moderator n_above_training_max n_below_training_min n_out_of_range
  n_positive n_rows n_unique n_visits n_warnings name numeric.hist
  numeric.max numeric.mean numeric.median numeric.min numeric.sd
  outcome p p.adj p.adj.signif p.value p90 p95 p99 p<.05 p_value
  pct_positive percentage of variance predictor prob_assigned prop
  prop_overall_high prop_poor_or_high_dist pval pval.adj
  pval.adj.signif pval.signif pvalline reorder resid resolved_condition
  row_num rowname setNames sig sig_FDR sign_FDR size_val skim_type
  skim_variable stack_id stars stars_FDR status stderror
  sustained_after_development sustained_after_resolution tags tail test
  train_cluster_high_cutoff train_prop_overall_high value var_ok
  variable width x xVar xend xvar y yVar yend
Consider adding
  importFrom("grDevices", "boxplot.stats")
  importFrom("graphics", "stars")
  importFrom("stats", "AIC", "BIC", "IQR", "complete.cases", "dist",
             "hclust", "reorder", "resid", "setNames")
  importFrom("utils", "head", "tail")
to your NAMESPACE file.
* checking Rd files ... OK
* checking Rd metadata ... OK
* checking Rd line widths ... OK
* checking Rd cross-references ... OK
* checking for missing documentation entries ... OK
* checking for code/documentation mismatches ... OK
* checking Rd \usage sections ... OK
* checking Rd contents ... OK
* checking for unstated dependencies in examples ... OK
* checking contents of ‘data’ directory ... OK
* checking data for non-ASCII characters ... OK
* checking LazyData ... OK
* checking data for ASCII and uncompressed saves ... OK
* checking files in ‘vignettes’ ... WARNING
Files in the 'vignettes' directory but no files in 'inst/doc':
  ‘MakeComparisonTable.qmd’ ‘MakeUnivariateRegressionTable.qmd’
  ‘PlotCorrelationsHeatmap.qmd’ ‘PlotForestFromTable.qmd’
  ‘PlotMiningMatrix.qmd’ ‘UnivariateRegressions.qmd’
  ‘argument-renaming.Rmd’ ‘fdr-correction.Rmd’ ‘getting-started.qmd’
  ‘merge-qc-workflow.Rmd’ ‘merge-qc-workflow.html’
* checking examples ... [31s/31s] OK
* checking examples with --run-donttest ... [43s/43s] OK
* checking for unstated dependencies in ‘tests’ ... OK
* checking tests ... [30s/30s] OK
  Running ‘testthat.R’ [30s/30s]
* checking for unstated dependencies in vignettes ... OK
* checking package vignettes ... WARNING
Directory 'inst/doc' does not exist.
Package vignettes without corresponding single PDF/HTML:
  ‘MakeComparisonTable.qmd’
  ‘MakeUnivariateRegressionTable.qmd’
  ‘PlotCorrelationsHeatmap.qmd’
  ‘PlotForestFromTable.qmd’
  ‘PlotMiningMatrix.qmd’
  ‘UnivariateRegressions.qmd’
  ‘getting-started.qmd’
  ‘argument-renaming.Rmd’
  ‘fdr-correction.Rmd’
  ‘merge-qc-workflow.Rmd’
* checking re-building of vignette outputs ... [149s/152s] OK
* checking for non-standard things in the check directory ... OK
* checking for detritus in the temp directory ... OK
* DONE
Status: 4 WARNINGs, 3 NOTEs
