* using log directory ‘/Users/rahad/Library/CloudStorage/Dropbox/Coding/Package Development/SciDataReportR/SciDataReportR.Rcheck’
* using R version 4.5.3 (2026-03-11)
* using platform: aarch64-apple-darwin20
* R was compiled by
    Apple clang version 16.0.0 (clang-1600.0.26.6)
    GNU Fortran (GCC) 14.2.0
* running under: macOS Tahoe 26.5.1
* using session charset: UTF-8
* using options ‘--no-manual --no-build-vignettes’
* checking for file ‘SciDataReportR/DESCRIPTION’ ... OK
* this is package ‘SciDataReportR’ version ‘21.0.1’
* package encoding: UTF-8
* checking package namespace information ... OK
* checking package dependencies ... OK
* checking if this is a source package ... OK
* checking if there is a namespace ... OK
* checking for executable files ... OK
* checking for hidden files and directories ... OK
* checking for portable file names ... OK
* checking for sufficient/correct file permissions ... OK
* checking whether package ‘SciDataReportR’ can be installed ... OK
* checking installed package size ... OK
* checking package directory ... OK
* checking DESCRIPTION meta-information ... OK
* checking top-level files ... OK
* checking for left-over files ... OK
* checking index information ... OK
* checking package subdirectories ... OK
* checking code files for non-ASCII characters ... WARNING
Found the following file with non-ASCII characters:
  R/ScreenBiomarkerPerformance.R
Portable packages must use only ASCII characters in their R code and
NAMESPACE directives, except perhaps in comments.
Use \uxxxx escapes for other characters.
Function ‘tools::showNonASCIIfile’ can help in finding non-ASCII
characters in files.
* checking R files for syntax errors ... OK
* checking whether the package can be loaded ... OK
* checking whether the package can be loaded with stated dependencies ... OK
* checking whether the package can be unloaded cleanly ... OK
* checking whether the namespace can be loaded with stated dependencies ... OK
* checking whether the namespace can be unloaded cleanly ... OK
* checking dependencies in R code ... OK
* checking S3 generic/method consistency ... OK
* checking replacement functions ... OK
* checking foreign function calls ... OK
* checking R code for possible problems ... OK
* checking Rd files ... OK
* checking Rd metadata ... OK
* checking Rd cross-references ... OK
* checking for missing documentation entries ... OK
* checking for code/documentation mismatches ... OK
* checking Rd \usage sections ... OK
* checking Rd contents ... OK
* checking for unstated dependencies in examples ... OK
* checking contents of ‘data’ directory ... OK
* checking data for non-ASCII characters ... OK
* checking LazyData ... OK
* checking data for ASCII and uncompressed saves ... OK
* checking files in ‘vignettes’ ... WARNING
Files in the 'vignettes' directory but no files in 'inst/doc':
  ‘argument-renaming.R’ ‘argument-renaming.Rmd’
  ‘BiomarkerPerformance.qmd’ ‘clustering.scss’
  ‘ClusteringPhenotyping.qmd’ ‘ClusteringPhenotyping.R’
  ‘fdr-correction.R’ ‘fdr-correction.Rmd’ ‘getting-started.qmd’
  ‘getting-started.R’ ‘MakeComparisonTable.qmd’ ‘MakeComparisonTable.R’
  ‘MakeUnivariateRegressionTable.qmd’ ‘MakeUnivariateRegressionTable.R’
  ‘merge-qc-workflow.R’ ‘merge-qc-workflow.Rmd’ ‘OrdinalVariables.qmd’
  ‘OrdinalVariables.R’ ‘PlotCorrelationsHeatmap.qmd’
  ‘PlotCorrelationsHeatmap.R’ ‘PlotForestFromTable.qmd’
  ‘PlotForestFromTable.R’ ‘PlotMiningMatrix.qmd’ ‘PlotMiningMatrix.R’
  ‘PValueColorScales.R’ ‘PValueColorScales.Rmd’
  ‘UnivariateRegressions.qmd’ ‘UnivariateRegressions.R’
* checking examples ... OK
* checking for unstated dependencies in ‘tests’ ... OK
* checking tests ... ERROR
  Running ‘testthat.R’
Running the tests in ‘tests/testthat.R’ failed.
Last 13 lines of output:
    1. └─testthat::test_check("SciDataReportR")
    2.   └─testthat::test_dir("testthat", package = package, reporter = reporter, ..., load_package = "installed")
    3.     └─testthat:::test_files(...)
    4.       └─testthat:::test_files_serial(...)
    5.         ├─testthat::with_reporter(...)
    6.         │ └─base::tryCatch(...)
    7.         │   └─base (local) tryCatchList(expr, classes, parentenv, handlers)
    8.         │     └─base (local) tryCatchOne(expr, names, parentenv, handlers[[1L]])
    9.         │       └─base (local) doTryCatch(return(expr), name, parentenv, handler)
   10.         └─base::lapply(...)
   11.           └─testthat (local) FUN(X[[i]], ...)
   12.             └─testthat::source_file(...)
   13.               └─cli::cli_abort("{.arg path} does not exist.", call = error_call)
   14.                 └─rlang::abort(...)
  Execution halted
* checking for unstated dependencies in vignettes ... OK
* checking package vignettes ... WARNING
Directory 'inst/doc' does not exist.
Package vignettes without corresponding single PDF/HTML:
  ‘BiomarkerPerformance.qmd’
  ‘ClusteringPhenotyping (Raha Dastgheyb's conflicted copy 2026-08-13 1).qmd’
  ‘ClusteringPhenotyping (Raha Dastgheyb's conflicted copy 2026-08-13 2).qmd’
  ‘ClusteringPhenotyping (Raha Dastgheyb's conflicted copy 2026-08-13).qmd’
  ‘ClusteringPhenotyping (Raha Dastgheyb's conflicted copy 2026-08-20).qmd’
  ‘ClusteringPhenotyping.qmd’
  ‘getting-started.qmd’
  ‘MakeComparisonTable (Raha Dastgheyb's conflicted copy 2026-08-13 1).qmd’
  ‘MakeComparisonTable (Raha Dastgheyb's conflicted copy 2026-08-13 2).qmd’
  ‘MakeComparisonTable (Raha Dastgheyb's conflicted copy 2026-08-13).qmd’
  ‘MakeComparisonTable (Raha Dastgheyb's conflicted copy 2026-08-20).qmd’
  ‘MakeComparisonTable.qmd’
  ‘MakeUnivariateRegressionTable (Raha Dastgheyb's conflicted copy 2026-08-20).qmd’
  ‘MakeUnivariateRegressionTable.qmd’
  ‘OrdinalVariables.qmd’
  ‘PlotCorrelationsHeatmap.qmd’
  ‘PlotForestFromTable.qmd’
  ‘PlotMiningMatrix.qmd’
  ‘UnivariateRegressions (Raha Dastgheyb's conflicted copy 2026-08-20).qmd’
  ‘UnivariateRegressions.qmd’
  ‘argument-renaming.Rmd’
  ‘fdr-correction.Rmd’
  ‘merge-qc-workflow (Raha Dastgheyb's conflicted copy 2026-08-13 1).Rmd’
  ‘merge-qc-workflow (Raha Dastgheyb's conflicted copy 2026-08-13 2).Rmd’
  ‘merge-qc-workflow (Raha Dastgheyb's conflicted copy 2026-08-13).Rmd’
  ‘merge-qc-workflow (Raha Dastgheyb's conflicted copy 2026-08-20).Rmd’
  ‘merge-qc-workflow.Rmd’
  ‘PValueColorScales.Rmd’
* checking running R code from vignettes ... ERROR
Errors in running code in vignettes:
when running code in ‘BiomarkerPerformance.qmd’
  ...

> df_Revalued <- RevalueData(df_Raw, VariableTypes)$RevaluedData

> Amyloid42Result <- EvaluateBiomarkerPerformance(data = df_Revalued, 
+     outcome_var = "Diagnosis", biomarker_var = "Ab_42", covariates = "age", 
 .... [TRUNCATED] 

  When sourcing ‘BiomarkerPerformance.R’:
Error: could not find function "EvaluateBiomarkerPerformance"
Execution halted
when running code in ‘ClusteringPhenotyping (Raha Dastgheyb's conflicted copy 2026-08-13 1).qmd’
  ...
Error: unexpected symbol in "tools:::.run_one_vignette('ClusteringPhenotyping (Raha Dastgheyb's"
Execution halted

... incomplete output.  Crash?
when running code in ‘ClusteringPhenotyping (Raha Dastgheyb's conflicted copy 2026-08-13 2).qmd’
  ...
Error: unexpected symbol in "tools:::.run_one_vignette('ClusteringPhenotyping (Raha Dastgheyb's"
Execution halted

... incomplete output.  Crash?
when running code in ‘ClusteringPhenotyping (Raha Dastgheyb's conflicted copy 2026-08-13).qmd’
  ...
Error: unexpected symbol in "tools:::.run_one_vignette('ClusteringPhenotyping (Raha Dastgheyb's"
Execution halted

... incomplete output.  Crash?
when running code in ‘ClusteringPhenotyping (Raha Dastgheyb's conflicted copy 2026-08-20).qmd’
  ...
Error: unexpected symbol in "tools:::.run_one_vignette('ClusteringPhenotyping (Raha Dastgheyb's"
Execution halted

... incomplete output.  Crash?
when running code in ‘ClusteringPhenotyping.qmd’
  ...

> data("SimulatedPhenotypeVariableTypes", package = "SciDataReportR")
Warning in data("SimulatedPhenotypeVariableTypes", package = "SciDataReportR") :
  data set ‘SimulatedPhenotypeVariableTypes’ not found

> df_Raw <- SimulatedPhenotypeData

  When sourcing ‘ClusteringPhenotyping.R’:
Error: object 'SimulatedPhenotypeData' not found
Execution halted
when running code in ‘MakeComparisonTable (Raha Dastgheyb's conflicted copy 2026-08-13 1).qmd’
  ...
Error: unexpected symbol in "tools:::.run_one_vignette('MakeComparisonTable (Raha Dastgheyb's"
Execution halted

... incomplete output.  Crash?
when running code in ‘MakeComparisonTable (Raha Dastgheyb's conflicted copy 2026-08-13 2).qmd’
  ...
Error: unexpected symbol in "tools:::.run_one_vignette('MakeComparisonTable (Raha Dastgheyb's"
Execution halted

... incomplete output.  Crash?
when running code in ‘MakeComparisonTable (Raha Dastgheyb's conflicted copy 2026-08-13).qmd’
  ...
Error: unexpected symbol in "tools:::.run_one_vignette('MakeComparisonTable (Raha Dastgheyb's"
Execution halted

... incomplete output.  Crash?
when running code in ‘MakeComparisonTable (Raha Dastgheyb's conflicted copy 2026-08-20).qmd’
  ...
Error: unexpected symbol in "tools:::.run_one_vignette('MakeComparisonTable (Raha Dastgheyb's"
Execution halted

... incomplete output.  Crash?
when running code in ‘MakeUnivariateRegressionTable (Raha Dastgheyb's conflicted copy 2026-08-20).qmd’
  ...
Error: unexpected symbol in "tools:::.run_one_vignette('MakeUnivariateRegressionTable (Raha Dastgheyb's"
Execution halted

... incomplete output.  Crash?
when running code in ‘OrdinalVariables.qmd’
  ...
+     "Symptom Severity", "Age ( ..." ... [TRUNCATED] 

> df_Revalued <- RevalueData(df_Raw, VariableTypes)$RevaluedData

> tbl_Categorical <- MakeComparisonTable(data = df_Revalued, 
+     group_var = "Group", variables = "SymptomSeverity", TreatOrdinalAs = "Categorical" .... [TRUNCATED] 

  When sourcing ‘OrdinalVariables.R’:
Error: Variable(s) not found: Categorical
Execution halted
when running code in ‘UnivariateRegressions (Raha Dastgheyb's conflicted copy 2026-08-20).qmd’
  ...
Error: unexpected symbol in "tools:::.run_one_vignette('UnivariateRegressions (Raha Dastgheyb's"
Execution halted

... incomplete output.  Crash?
when running code in ‘merge-qc-workflow (Raha Dastgheyb's conflicted copy 2026-08-13 1).Rmd’
  ...
Error: unexpected symbol in "tools:::.run_one_vignette('merge-qc-workflow (Raha Dastgheyb's"
Execution halted

... incomplete output.  Crash?
when running code in ‘merge-qc-workflow (Raha Dastgheyb's conflicted copy 2026-08-13 2).Rmd’
  ...
Error: unexpected symbol in "tools:::.run_one_vignette('merge-qc-workflow (Raha Dastgheyb's"
Execution halted

... incomplete output.  Crash?
when running code in ‘merge-qc-workflow (Raha Dastgheyb's conflicted copy 2026-08-13).Rmd’
  ...
Error: unexpected symbol in "tools:::.run_one_vignette('merge-qc-workflow (Raha Dastgheyb's"
Execution halted

... incomplete output.  Crash?
when running code in ‘merge-qc-workflow (Raha Dastgheyb's conflicted copy 2026-08-20).Rmd’
  ...
Error: unexpected symbol in "tools:::.run_one_vignette('merge-qc-workflow (Raha Dastgheyb's"
Execution halted

... incomplete output.  Crash?
when running code in ‘merge-qc-workflow.Rmd’
  ...
> m_declared <- safe_merge(pbc_baseline, pbc_labs, by = "id", 
+     name = "pbc, declared as many-to-one", expected_relationship = "many-to-one")

> m_declared$log[, c("ExpectedRelationship", "DetectedRelationship", 
+     "RelationshipMatchesExpected")]

  When sourcing ‘merge-qc-workflow.R’:
Error: Can't subset columns that don't exist.
✖ Columns `ExpectedRelationship`, `DetectedRelationship`, and `RelationshipMatchesExpected` don't exist.
Execution halted
when running code in ‘PValueColorScales.Rmd’
  ...
> df_ColorExample <- data.frame(Estimate = seq(-2, 2, 
+     length.out = 80), PValue = 10^seq(0, -8, length.out = 80))

> ggplot(df_ColorExample, aes(x = Estimate, y = 1, color = PValue)) + 
+     geom_point(size = 3) + scale_color_pvalue() + theme_minimal() + 
+     la .... [TRUNCATED] 

  When sourcing ‘PValueColorScales.R’:
Error: could not find function "scale_color_pvalue"
Execution halted

  ‘BiomarkerPerformance.qmd’ using ‘UTF-8’... failed
  ‘ClusteringPhenotyping (Raha Dastgheyb's conflicted copy 2026-08-13 1).qmd’ using ‘UTF-8’... failed to complete the test
  ‘ClusteringPhenotyping (Raha Dastgheyb's conflicted copy 2026-08-13 2).qmd’ using ‘UTF-8’... failed to complete the test
  ‘ClusteringPhenotyping (Raha Dastgheyb's conflicted copy 2026-08-13).qmd’ using ‘UTF-8’... failed to complete the test
  ‘ClusteringPhenotyping (Raha Dastgheyb's conflicted copy 2026-08-20).qmd’ using ‘UTF-8’... failed to complete the test
  ‘ClusteringPhenotyping.qmd’ using ‘UTF-8’... failed
  ‘getting-started.qmd’ using ‘UTF-8’... OK
  ‘MakeComparisonTable (Raha Dastgheyb's conflicted copy 2026-08-13 1).qmd’ using ‘UTF-8’... failed to complete the test
  ‘MakeComparisonTable (Raha Dastgheyb's conflicted copy 2026-08-13 2).qmd’ using ‘UTF-8’... failed to complete the test
  ‘MakeComparisonTable (Raha Dastgheyb's conflicted copy 2026-08-13).qmd’ using ‘UTF-8’... failed to complete the test
  ‘MakeComparisonTable (Raha Dastgheyb's conflicted copy 2026-08-20).qmd’ using ‘UTF-8’... failed to complete the test
  ‘MakeComparisonTable.qmd’ using ‘UTF-8’... OK
  ‘MakeUnivariateRegressionTable (Raha Dastgheyb's conflicted copy 2026-08-20).qmd’ using ‘UTF-8’... failed to complete the test
  ‘MakeUnivariateRegressionTable.qmd’ using ‘UTF-8’... OK
  ‘OrdinalVariables.qmd’ using ‘UTF-8’... failed
  ‘PlotCorrelationsHeatmap.qmd’ using ‘UTF-8’... OK
  ‘PlotForestFromTable.qmd’ using ‘UTF-8’... OK
  ‘PlotMiningMatrix.qmd’ using ‘UTF-8’... OK
  ‘UnivariateRegressions (Raha Dastgheyb's conflicted copy 2026-08-20).qmd’ using ‘UTF-8’... failed to complete the test
  ‘UnivariateRegressions.qmd’ using ‘UTF-8’... OK
  ‘argument-renaming.Rmd’ using ‘UTF-8’... OK
  ‘fdr-correction.Rmd’ using ‘UTF-8’... OK
  ‘merge-qc-workflow (Raha Dastgheyb's conflicted copy 2026-08-13 1).Rmd’ using ‘UTF-8’... failed to complete the test
  ‘merge-qc-workflow (Raha Dastgheyb's conflicted copy 2026-08-13 2).Rmd’ using ‘UTF-8’... failed to complete the test
  ‘merge-qc-workflow (Raha Dastgheyb's conflicted copy 2026-08-13).Rmd’ using ‘UTF-8’... failed to complete the test
  ‘merge-qc-workflow (Raha Dastgheyb's conflicted copy 2026-08-20).Rmd’ using ‘UTF-8’... failed to complete the test
  ‘merge-qc-workflow.Rmd’ using ‘UTF-8’... failed
  ‘PValueColorScales.Rmd’ using ‘UTF-8’... failed
* checking re-building of vignette outputs ... SKIPPED
* DONE
Status: 2 ERRORs, 3 WARNINGs
