
> library(SciDataReportR)

> library(dplyr)

Attaching package: ‘dplyr’

The following objects are masked from ‘package:stats’:

    filter, lag

The following objects are masked from ‘package:base’:

    intersect, setdiff, setequal, union


> library(plotly)
Loading required package: ggplot2

Attaching package: ‘plotly’

The following object is masked from ‘package:ggplot2’:

    last_plot

The following object is masked from ‘package:stats’:

    filter

The following object is masked from ‘package:graphics’:

    layout


> data("SampleData")

> data("SampleVariableTypes")

> RevaluedObj <- RevalueData(SampleData, SampleVariableTypes)

> df_Revalued <- RevaluedObj$RevaluedData

> biomarkers <- c("AXL", "Calbindin", "Ferritin", "MMP7", 
+     "MMP10", "IL_6", "VCAM_1", "ICAM_1", "C_Reactive_Protein", 
+     "TNF_RII", "MCP_1", .... [TRUNCATED] 

> CorrObj <- PlotCorrelationsHeatmap(Data = df_Revalued, 
+     xVars = biomarkers)
Warning: The `Data` argument of `PlotCorrelationsHeatmap()` is deprecated as of
SciDataReportR 19.15.0.
ℹ Please use the `data` argument instead.
Warning: The `xVars` argument of `PlotCorrelationsHeatmap()` is deprecated as of
SciDataReportR 19.15.0.
ℹ Please use the `predictor_vars` argument instead.

> CorrObj$Unadjusted$plot

> clinical_vars <- c("age", "Insulin")

> CorrObj_Clinical <- PlotCorrelationsHeatmap(Data = df_Revalued, 
+     xVars = biomarkers, yVars = clinical_vars)
Warning: The `yVars` argument of `PlotCorrelationsHeatmap()` is deprecated as of
SciDataReportR 19.15.0.
ℹ Please use the `outcome_vars` argument instead.

> CorrObj_Clinical$Unadjusted$plot
